{"level":"info","time":"2026-07-07T18:07:20Z","message":"Thank you for trying Cloudflare Tunnel. Doing so, without a Cloudflare account, is a quick way to experiment and try it out. However, be aware that these account-less Tunnels have no uptime guarantee, are subject to the Cloudflare Online Services Terms of Use (https://www.cloudflare.com/website-terms/), and Cloudflare reserves the right to investigate your use of Tunnels for violations of such terms. If you intend to use Tunnels in production you should use a pre-created named tunnel by following: https://developers.cloudflare.com/cloudflare-one/connections/connect-apps"}
{"level":"info","time":"2026-07-07T18:07:20Z","message":"Requesting new quick Tunnel on trycloudflare.com..."}
{"level":"info","time":"2026-07-07T18:07:29Z","message":"+--------------------------------------------------------------------------------------------+"}
{"level":"info","time":"2026-07-07T18:07:29Z","message":"|  Your quick Tunnel has been created! Visit it at (it may take some time to be reachable):  |"}
{"level":"info","time":"2026-07-07T18:07:29Z","message":"|  https://amount-count-vocational-mines.trycloudflare.com                                   |"}
{"level":"info","time":"2026-07-07T18:07:29Z","message":"+--------------------------------------------------------------------------------------------+"}
{"level":"info","time":"2026-07-07T18:07:29Z","message":"Cannot determine default configuration path. No file [config.yml config.yaml] in [~/.cloudflared ~/.cloudflare-warp ~/cloudflare-warp]"}
{"level":"info","time":"2026-07-07T18:07:29Z","message":"Version 2026.6.1 (Checksum 5253e66f1f493c4e13539749f1aa86fd0c61e3072900fec29a44ba046a6d97e2)"}
{"level":"info","time":"2026-07-07T18:07:29Z","message":"GOOS: windows, GOVersion: go1.26.4, GoArch: amd64"}
{"level":"info","time":"2026-07-07T18:07:29Z","message":"Settings: map[ha-connections:1 logfile:E:\\Projects\\school-records-platform\\.tmp\\cloudflared.log no-autoupdate:true pidfile:25228 protocol:quic url:http://localhost:3000]"}
{"level":"info","time":"2026-07-07T18:07:29Z","message":"cloudflared will not automatically update on Windows systems."}
{"level":"info","time":"2026-07-07T18:07:29Z","message":"Generated Connector ID: 29919a3d-30cc-4ff0-8d45-a4a1dca2038a"}
{"level":"info","time":"2026-07-07T18:07:29Z","message":"Initial protocol quic"}
{"level":"info","time":"2026-07-07T18:07:29Z","message":"ICMP proxy will use 192.168.1.4 as source for IPv4"}
{"level":"info","time":"2026-07-07T18:07:29Z","message":"ICMP proxy will use 2804:30c:273d:d800:fc9e:206d:f59d:6b99 in zone Ethernet as source for IPv6"}
{"level":"info","time":"2026-07-07T18:07:29Z","message":"cloudflared does not support loading the system root certificate pool on Windows. Please use --origin-ca-pool <PATH> to specify the path to the certificate pool"}
{"level":"info","time":"2026-07-07T18:07:29Z","message":"ICMP proxy will use 192.168.1.4 as source for IPv4"}
{"level":"info","event":0,"ip":"2606:4700:a0::8","connIndex":0,"time":"2026-07-07T18:07:29Z","message":"Tunnel connection curve preferences: [X25519MLKEM768 CurveID(65074) CurveP256]"}
{"level":"info","time":"2026-07-07T18:07:29Z","message":"ICMP proxy will use 2804:30c:273d:d800:fc9e:206d:f59d:6b99 in zone Ethernet as source for IPv6"}
{"level":"info","time":"2026-07-07T18:07:29Z","message":"Starting metrics server on 127.0.0.1:20241/metrics"}
{"level":"info","time":"2026-07-07T18:07:29Z","message":"+-------------------------------------------------------------------------------------+"}
{"level":"info","time":"2026-07-07T18:07:29Z","message":"|                               CONNECTIVITY PRE-CHECKS                               |"}
{"level":"info","time":"2026-07-07T18:07:29Z","message":"+-------------------------------------------------------------------------------------+"}
{"level":"info","time":"2026-07-07T18:07:29Z","message":"|  COMPONENT         TARGET                     STATUS  DETAILS                       |"}
{"level":"info","time":"2026-07-07T18:07:29Z","message":"|  DNS Resolution    region1.v2.argotunnel.com  PASS    DNS Resolved successfully     |"}
{"level":"info","time":"2026-07-07T18:07:29Z","message":"|  DNS Resolution    region2.v2.argotunnel.com  PASS    DNS Resolved successfully     |"}
{"level":"info","time":"2026-07-07T18:07:29Z","message":"|  UDP Connectivity  region1.v2.argotunnel.com  PASS    QUIC connection successful    |"}
{"level":"info","time":"2026-07-07T18:07:29Z","message":"|  UDP Connectivity  region2.v2.argotunnel.com  PASS    QUIC connection successful    |"}
{"level":"info","time":"2026-07-07T18:07:29Z","message":"|  TCP Connectivity  region1.v2.argotunnel.com  PASS    HTTP/2 connection successful  |"}
{"level":"info","time":"2026-07-07T18:07:29Z","message":"|  TCP Connectivity  region2.v2.argotunnel.com  PASS    HTTP/2 connection successful  |"}
{"level":"info","time":"2026-07-07T18:07:29Z","message":"|  Cloudflare API    api.cloudflare.com:443     PASS    API is reachable              |"}
{"level":"info","time":"2026-07-07T18:07:29Z","message":"|                                                                                     |"}
{"level":"info","time":"2026-07-07T18:07:29Z","message":"|  SUMMARY: Environment is healthy. cloudflared will use 'quic' as primary protocol.  |"}
{"level":"info","time":"2026-07-07T18:07:29Z","message":"+-------------------------------------------------------------------------------------+"}
{"level":"info","run_id":"3c7dfffe-6e4d-4e05-8287-225ad5f5d176","component":"DNS Resolution","target":"region1.v2.argotunnel.com","status":"pass","details":"DNS Resolved successfully","time":"2026-07-07T18:07:29Z","message":"precheck"}
{"level":"info","run_id":"3c7dfffe-6e4d-4e05-8287-225ad5f5d176","component":"DNS Resolution","target":"region2.v2.argotunnel.com","status":"pass","details":"DNS Resolved successfully","time":"2026-07-07T18:07:29Z","message":"precheck"}
{"level":"info","run_id":"3c7dfffe-6e4d-4e05-8287-225ad5f5d176","component":"UDP Connectivity","target":"region1.v2.argotunnel.com","status":"pass","details":"QUIC connection successful","time":"2026-07-07T18:07:29Z","message":"precheck"}
{"level":"info","run_id":"3c7dfffe-6e4d-4e05-8287-225ad5f5d176","component":"UDP Connectivity","target":"region2.v2.argotunnel.com","status":"pass","details":"QUIC connection successful","time":"2026-07-07T18:07:29Z","message":"precheck"}
{"level":"info","run_id":"3c7dfffe-6e4d-4e05-8287-225ad5f5d176","component":"TCP Connectivity","target":"region1.v2.argotunnel.com","status":"pass","details":"HTTP/2 connection successful","time":"2026-07-07T18:07:29Z","message":"precheck"}
{"level":"info","run_id":"3c7dfffe-6e4d-4e05-8287-225ad5f5d176","component":"TCP Connectivity","target":"region2.v2.argotunnel.com","status":"pass","details":"HTTP/2 connection successful","time":"2026-07-07T18:07:29Z","message":"precheck"}
{"level":"info","run_id":"3c7dfffe-6e4d-4e05-8287-225ad5f5d176","component":"Cloudflare API","target":"api.cloudflare.com:443","status":"pass","details":"API is reachable","time":"2026-07-07T18:07:29Z","message":"precheck"}
{"level":"info","run_id":"3c7dfffe-6e4d-4e05-8287-225ad5f5d176","hard_fail":false,"suggested_protocol":"quic","time":"2026-07-07T18:07:29Z","message":"precheck complete"}
{"level":"info","event":0,"connection":"b806c5f4-0125-4ab7-95a9-8671f25772bb","connIndex":0,"location":"nvt01","ip":"2606:4700:a0::8","protocol":"quic","time":"2026-07-07T18:07:29Z","message":"Registered tunnel connection"}
{"level":"error","event":1,"connIndex":0,"originService":"http://localhost:3000","ingressRule":0,"error":"Unable to reach the origin service. The service may be down or it may not be responding to traffic from cloudflared: net/http: HTTP/1.x transport connection broken: malformed HTTP response \"Unauthorized\"","time":"2026-07-07T18:08:22Z"}
{"level":"error","event":0,"ip":"2606:4700:a0::8","connIndex":0,"error":"Unable to reach the origin service. The service may be down or it may not be responding to traffic from cloudflared: net/http: HTTP/1.x transport connection broken: malformed HTTP response \"Unauthorized\"","type":"ws","dest":"https://amount-count-vocational-mines.trycloudflare.com/_next/webpack-hmr?id=AoDXcPSfzrqsxOxEwE83G","time":"2026-07-07T18:08:22Z","message":"Request failed"}
{"level":"error","event":1,"connIndex":0,"originService":"http://localhost:3000","ingressRule":0,"error":"Unable to reach the origin service. The service may be down or it may not be responding to traffic from cloudflared: net/http: HTTP/1.x transport connection broken: malformed HTTP response \"Unauthorized\"","time":"2026-07-07T18:08:23Z"}
{"level":"error","event":0,"ip":"2606:4700:a0::8","connIndex":0,"error":"Unable to reach the origin service. The service may be down or it may not be responding to traffic from cloudflared: net/http: HTTP/1.x transport connection broken: malformed HTTP response \"Unauthorized\"","type":"ws","dest":"https://amount-count-vocational-mines.trycloudflare.com/_next/webpack-hmr?id=AoDXcPSfzrqsxOxEwE83G","time":"2026-07-07T18:08:23Z","message":"Request failed"}
{"level":"error","event":1,"connIndex":0,"originService":"http://localhost:3000","ingressRule":0,"error":"Unable to reach the origin service. The service may be down or it may not be responding to traffic from cloudflared: net/http: HTTP/1.x transport connection broken: malformed HTTP response \"Unauthorized\"","time":"2026-07-07T18:08:24Z"}
{"level":"error","event":0,"ip":"2606:4700:a0::8","connIndex":0,"error":"Unable to reach the origin service. The service may be down or it may not be responding to traffic from cloudflared: net/http: HTTP/1.x transport connection broken: malformed HTTP response \"Unauthorized\"","type":"ws","dest":"https://amount-count-vocational-mines.trycloudflare.com/_next/webpack-hmr?id=AoDXcPSfzrqsxOxEwE83G","time":"2026-07-07T18:08:24Z","message":"Request failed"}
{"level":"error","event":1,"connIndex":0,"originService":"http://localhost:3000","ingressRule":0,"error":"Unable to reach the origin service. The service may be down or it may not be responding to traffic from cloudflared: net/http: HTTP/1.x transport connection broken: malformed HTTP response \"Unauthorized\"","time":"2026-07-07T18:08:25Z"}
{"level":"error","event":0,"ip":"2606:4700:a0::8","connIndex":0,"error":"Unable to reach the origin service. The service may be down or it may not be responding to traffic from cloudflared: net/http: HTTP/1.x transport connection broken: malformed HTTP response \"Unauthorized\"","type":"ws","dest":"https://amount-count-vocational-mines.trycloudflare.com/_next/webpack-hmr?id=AoDXcPSfzrqsxOxEwE83G","time":"2026-07-07T18:08:25Z","message":"Request failed"}
{"level":"error","event":1,"connIndex":0,"originService":"http://localhost:3000","ingressRule":0,"error":"Unable to reach the origin service. The service may be down or it may not be responding to traffic from cloudflared: net/http: HTTP/1.x transport connection broken: malformed HTTP response \"Unauthorized\"","time":"2026-07-07T18:08:27Z"}
{"level":"error","event":0,"ip":"2606:4700:a0::8","connIndex":0,"error":"Unable to reach the origin service. The service may be down or it may not be responding to traffic from cloudflared: net/http: HTTP/1.x transport connection broken: malformed HTTP response \"Unauthorized\"","type":"ws","dest":"https://amount-count-vocational-mines.trycloudflare.com/_next/webpack-hmr?id=AoDXcPSfzrqsxOxEwE83G","time":"2026-07-07T18:08:27Z","message":"Request failed"}
{"level":"error","event":1,"connIndex":0,"originService":"http://localhost:3000","ingressRule":0,"error":"Unable to reach the origin service. The service may be down or it may not be responding to traffic from cloudflared: net/http: HTTP/1.x transport connection broken: malformed HTTP response \"Unauthorized\"","time":"2026-07-07T18:08:28Z"}
{"level":"error","event":0,"ip":"2606:4700:a0::8","connIndex":0,"error":"Unable to reach the origin service. The service may be down or it may not be responding to traffic from cloudflared: net/http: HTTP/1.x transport connection broken: malformed HTTP response \"Unauthorized\"","type":"ws","dest":"https://amount-count-vocational-mines.trycloudflare.com/_next/webpack-hmr?id=AoDXcPSfzrqsxOxEwE83G","time":"2026-07-07T18:08:28Z","message":"Request failed"}
{"level":"error","event":1,"connIndex":0,"originService":"http://localhost:3000","ingressRule":0,"error":"Unable to reach the origin service. The service may be down or it may not be responding to traffic from cloudflared: net/http: HTTP/1.x transport connection broken: malformed HTTP response \"Unauthorized\"","time":"2026-07-07T18:08:33Z"}
{"level":"error","event":0,"ip":"2606:4700:a0::8","connIndex":0,"error":"Unable to reach the origin service. The service may be down or it may not be responding to traffic from cloudflared: net/http: HTTP/1.x transport connection broken: malformed HTTP response \"Unauthorized\"","type":"ws","dest":"https://amount-count-vocational-mines.trycloudflare.com/_next/webpack-hmr?id=AoDXcPSfzrqsxOxEwE83G","time":"2026-07-07T18:08:33Z","message":"Request failed"}
{"level":"error","event":1,"connIndex":0,"originService":"http://localhost:3000","ingressRule":0,"error":"Unable to reach the origin service. The service may be down or it may not be responding to traffic from cloudflared: net/http: HTTP/1.x transport connection broken: malformed HTTP response \"Unauthorized\"","time":"2026-07-07T18:08:38Z"}
{"level":"error","event":0,"ip":"2606:4700:a0::8","connIndex":0,"error":"Unable to reach the origin service. The service may be down or it may not be responding to traffic from cloudflared: net/http: HTTP/1.x transport connection broken: malformed HTTP response \"Unauthorized\"","type":"ws","dest":"https://amount-count-vocational-mines.trycloudflare.com/_next/webpack-hmr?id=AoDXcPSfzrqsxOxEwE83G","time":"2026-07-07T18:08:38Z","message":"Request failed"}
{"level":"error","event":1,"connIndex":0,"originService":"http://localhost:3000","ingressRule":0,"error":"Unable to reach the origin service. The service may be down or it may not be responding to traffic from cloudflared: net/http: HTTP/1.x transport connection broken: malformed HTTP response \"Unauthorized\"","time":"2026-07-07T18:08:43Z"}
{"level":"error","event":0,"ip":"2606:4700:a0::8","connIndex":0,"error":"Unable to reach the origin service. The service may be down or it may not be responding to traffic from cloudflared: net/http: HTTP/1.x transport connection broken: malformed HTTP response \"Unauthorized\"","type":"ws","dest":"https://amount-count-vocational-mines.trycloudflare.com/_next/webpack-hmr?id=AoDXcPSfzrqsxOxEwE83G","time":"2026-07-07T18:08:43Z","message":"Request failed"}
{"level":"error","event":1,"connIndex":0,"originService":"http://localhost:3000","ingressRule":0,"error":"Unable to reach the origin service. The service may be down or it may not be responding to traffic from cloudflared: net/http: HTTP/1.x transport connection broken: malformed HTTP response \"Unauthorized\"","time":"2026-07-07T18:08:50Z"}
{"level":"error","event":0,"ip":"2606:4700:a0::8","connIndex":0,"error":"Unable to reach the origin service. The service may be down or it may not be responding to traffic from cloudflared: net/http: HTTP/1.x transport connection broken: malformed HTTP response \"Unauthorized\"","type":"ws","dest":"https://amount-count-vocational-mines.trycloudflare.com/_next/webpack-hmr?id=AoDXcPSfzrqsxOxEwE83G","time":"2026-07-07T18:08:50Z","message":"Request failed"}
{"level":"error","event":1,"connIndex":0,"originService":"http://localhost:3000","ingressRule":0,"error":"Unable to reach the origin service. The service may be down or it may not be responding to traffic from cloudflared: net/http: HTTP/1.x transport connection broken: malformed HTTP response \"Unauthorized\"","time":"2026-07-07T18:08:59Z"}
{"level":"error","event":0,"ip":"2606:4700:a0::8","connIndex":0,"error":"Unable to reach the origin service. The service may be down or it may not be responding to traffic from cloudflared: net/http: HTTP/1.x transport connection broken: malformed HTTP response \"Unauthorized\"","type":"ws","dest":"https://amount-count-vocational-mines.trycloudflare.com/_next/webpack-hmr?id=AoDXcPSfzrqsxOxEwE83G","time":"2026-07-07T18:08:59Z","message":"Request failed"}
{"level":"error","event":1,"connIndex":0,"originService":"http://localhost:3000","ingressRule":0,"error":"Unable to reach the origin service. The service may be down or it may not be responding to traffic from cloudflared: net/http: HTTP/1.x transport connection broken: malformed HTTP response \"Unauthorized\"","time":"2026-07-07T18:09:14Z"}
{"level":"error","event":0,"ip":"2606:4700:a0::8","connIndex":0,"error":"Unable to reach the origin service. The service may be down or it may not be responding to traffic from cloudflared: net/http: HTTP/1.x transport connection broken: malformed HTTP response \"Unauthorized\"","type":"ws","dest":"https://amount-count-vocational-mines.trycloudflare.com/_next/webpack-hmr?id=AoDXcPSfzrqsxOxEwE83G","time":"2026-07-07T18:09:14Z","message":"Request failed"}
{"level":"error","event":1,"connIndex":0,"originService":"http://localhost:3000","ingressRule":0,"error":"Unable to reach the origin service. The service may be down or it may not be responding to traffic from cloudflared: net/http: HTTP/1.x transport connection broken: malformed HTTP response \"Unauthorized\"","time":"2026-07-07T18:09:36Z"}
{"level":"error","event":0,"ip":"2606:4700:a0::8","connIndex":0,"error":"Unable to reach the origin service. The service may be down or it may not be responding to traffic from cloudflared: net/http: HTTP/1.x transport connection broken: malformed HTTP response \"Unauthorized\"","type":"ws","dest":"https://amount-count-vocational-mines.trycloudflare.com/_next/webpack-hmr?id=AoDXcPSfzrqsxOxEwE83G","time":"2026-07-07T18:09:36Z","message":"Request failed"}
{"level":"error","event":1,"connIndex":0,"originService":"http://localhost:3000","ingressRule":0,"error":"Unable to reach the origin service. The service may be down or it may not be responding to traffic from cloudflared: net/http: HTTP/1.x transport connection broken: malformed HTTP response \"Unauthorized\"","time":"2026-07-07T18:10:08Z"}
{"level":"error","event":0,"ip":"2606:4700:a0::8","connIndex":0,"error":"Unable to reach the origin service. The service may be down or it may not be responding to traffic from cloudflared: net/http: HTTP/1.x transport connection broken: malformed HTTP response \"Unauthorized\"","type":"ws","dest":"https://amount-count-vocational-mines.trycloudflare.com/_next/webpack-hmr?id=L6JzPEWTMf0scEQH2mwKQ","time":"2026-07-07T18:10:08Z","message":"Request failed"}
{"level":"error","event":1,"connIndex":0,"originService":"http://localhost:3000","ingressRule":0,"error":"Unable to reach the origin service. The service may be down or it may not be responding to traffic from cloudflared: net/http: HTTP/1.x transport connection broken: malformed HTTP response \"Unauthorized\"","time":"2026-07-07T18:10:57Z"}
{"level":"error","event":0,"ip":"2606:4700:a0::8","connIndex":0,"error":"Unable to reach the origin service. The service may be down or it may not be responding to traffic from cloudflared: net/http: HTTP/1.x transport connection broken: malformed HTTP response \"Unauthorized\"","type":"ws","dest":"https://amount-count-vocational-mines.trycloudflare.com/_next/webpack-hmr?id=L6JzPEWTMf0scEQH2mwKQ","time":"2026-07-07T18:10:57Z","message":"Request failed"}
{"level":"error","event":1,"connIndex":0,"originService":"http://localhost:3000","ingressRule":0,"error":"Unable to reach the origin service. The service may be down or it may not be responding to traffic from cloudflared: net/http: HTTP/1.x transport connection broken: malformed HTTP response \"Unauthorized\"","time":"2026-07-07T18:11:58Z"}
{"level":"error","event":0,"ip":"2606:4700:a0::8","connIndex":0,"error":"Unable to reach the origin service. The service may be down or it may not be responding to traffic from cloudflared: net/http: HTTP/1.x transport connection broken: malformed HTTP response \"Unauthorized\"","type":"ws","dest":"https://amount-count-vocational-mines.trycloudflare.com/_next/webpack-hmr?id=L6JzPEWTMf0scEQH2mwKQ","time":"2026-07-07T18:11:58Z","message":"Request failed"}
{"level":"error","event":1,"connIndex":0,"originService":"http://localhost:3000","ingressRule":0,"error":"Unable to reach the origin service. The service may be down or it may not be responding to traffic from cloudflared: net/http: HTTP/1.x transport connection broken: malformed HTTP response \"Unauthorized\"","time":"2026-07-07T18:12:59Z"}
{"level":"error","event":0,"ip":"2606:4700:a0::8","connIndex":0,"error":"Unable to reach the origin service. The service may be down or it may not be responding to traffic from cloudflared: net/http: HTTP/1.x transport connection broken: malformed HTTP response \"Unauthorized\"","type":"ws","dest":"https://amount-count-vocational-mines.trycloudflare.com/_next/webpack-hmr?id=L6JzPEWTMf0scEQH2mwKQ","time":"2026-07-07T18:12:59Z","message":"Request failed"}
